[17:11:49] [main/INFO]: Loading Minecraft 1.20.1 with Fabric Loader 0.16.10
[17:11:50] [main/INFO]: Loading 4 mods:
	- fabricloader 0.16.10
	   \-- mixinextras 0.4.1
	- java 17
	- minecraft 1.20.1
[17:11:50] [main/INFO]: SpongePowered MIXIN Subsystem Version=0.8.7 Source=file:/workspaces/ClownlandsIII/servidor_minecraft/libraries/net/fabricmc/sponge-mixin/0.15.4+mixin.0.8.7/sponge-mixin-0.15.4+mixin.0.8.7.jar Service=Knot/Fabric Env=SERVER
[17:11:56] [main/INFO]: Environment: authHost='https://authserver.mojang.com', accountsHost='https://api.mojang.com', sessionHost='https://sessionserver.mojang.com', servicesHost='https://api.minecraftservices.com', name='PROD'
[17:11:58] [main/INFO]: Loaded 7 recipes
[17:11:58] [main/INFO]: Loaded 1271 advancements
[17:11:59] [Server thread/INFO]: Starting minecraft server version 1.20.1
[17:11:59] [Server thread/INFO]: Loading properties
[17:11:59] [Server thread/INFO]: Default game type: SURVIVAL
[17:11:59] [Server thread/INFO]: Generating keypair
[17:11:59] [Server thread/INFO]: Starting Minecraft server on *:25565
[17:11:59] [Server thread/INFO]: Using epoll channel type
[17:11:59] [Server thread/WARN]: **** SERVER IS RUNNING IN OFFLINE/INSECURE MODE!
[17:11:59] [Server thread/WARN]: The server will make no attempt to authenticate usernames. Beware.
[17:11:59] [Server thread/WARN]: While this makes the game possible to play without internet access, it also opens up the ability for hackers to connect with any username they choose.
[17:11:59] [Server thread/WARN]: To change this, set "online-mode" to "true" in the server.properties file.
[17:11:59] [Server thread/INFO]: Preparing level "world"
[17:12:02] [Server thread/INFO]: Preparing start region for dimension minecraft:overworld
[17:12:04] [Worker-Main-2/INFO]: Preparing spawn area: 0%
[17:12:04] [Worker-Main-1/INFO]: Preparing spawn area: 0%
[17:12:04] [Worker-Main-2/INFO]: Preparing spawn area: 0%
[17:12:04] [Worker-Main-2/INFO]: Preparing spawn area: 0%
[17:12:04] [Worker-Main-2/INFO]: Preparing spawn area: 0%
[17:12:05] [Worker-Main-3/INFO]: Preparing spawn area: 0%
[17:12:05] [Worker-Main-3/INFO]: Preparing spawn area: 0%
[17:12:06] [Worker-Main-1/INFO]: Preparing spawn area: 0%
[17:12:06] [Worker-Main-3/INFO]: Preparing spawn area: 0%
[17:12:07] [Worker-Main-3/INFO]: Preparing spawn area: 0%
[17:12:07] [Worker-Main-3/INFO]: Preparing spawn area: 0%
[17:12:08] [Worker-Main-3/INFO]: Preparing spawn area: 1%
[17:12:08] [Worker-Main-1/INFO]: Preparing spawn area: 2%
[17:12:09] [Worker-Main-1/INFO]: Preparing spawn area: 57%
[17:12:09] [Server thread/INFO]: Time elapsed: 6847 ms
[17:12:09] [Server thread/INFO]: Done (9.914s)! For help, type "help"
